root@162-55-4-35:/var/www/gokalaf# git pull origin main
remote: Enumerating objects: 11, done.
remote: Counting objects: 100% (11/11), done.
remote: Compressing objects: 100% (2/2), done.
remote: Total 7 (delta 5), reused 7 (delta 5), pack-reused 0 (from 0)
Unpacking objects: 100% (7/7), 2.07 KiB | 2.07 MiB/s, done.
From https://github.com/j1vetr/gokalafv2
 * branch            main       -> FETCH_HEAD
   3d309fb..fe9b735  main       -> origin/main
Updating 3d309fb..fe9b735
Fast-forward
 attached_assets/Pasted-10-gokalaf-Error-ENOENT-no-such-file-or-directory-stat-_1766145469401.txt | 18 ++++++++++++++++++
 attached_assets/Pasted-root-162-55-4-35-var-www-gokalaf-pm2-logs-gokalaf-TAILI_1766145502666.txt | 34 ++++++++++++++++++++++++++++++++++
 server/ssr.ts                                                                                    |  8 ++++++++
 3 files changed, 60 insertions(+)
 create mode 100644 attached_assets/Pasted-10-gokalaf-Error-ENOENT-no-such-file-or-directory-stat-_1766145469401.txt
 create mode 100644 attached_assets/Pasted-root-162-55-4-35-var-www-gokalaf-pm2-logs-gokalaf-TAILI_1766145502666.txt
root@162-55-4-35:/var/www/gokalaf# npm run build

> rest-express@1.0.0 build
> tsx script/build.ts

building client...
vite v7.1.12 building for production...
✓ 2978 modules transformed.
rendering chunks (105)...[meta-images] no Replit deployment domain found, skipping meta tag updates
../dist/public/index.html                                                             8.57 kB │ gzip:   2.28 kB
../dist/public/assets/professional_gym_rack_with_dumbbells_close_up-Ch6na1P9.mp4  1,839.08 kB
../dist/public/assets/index-BsLD4Rn6.css                                            187.33 kB │ gzip:  25.53 kB
../dist/public/assets/professional_gym_rack_with_dumbbells_close_up-C_2c9FW0.js       0.09 kB │ gzip:   0.11 kB
../dist/public/assets/check-CICJ1Qt7.js                                               0.29 kB │ gzip:   0.25 kB
../dist/public/assets/chevron-down-Sz7ONPjG.js                                        0.30 kB │ gzip:   0.25 kB
../dist/public/assets/chevron-left-xXNGbzm6.js                                        0.30 kB │ gzip:   0.25 kB
../dist/public/assets/chevron-right-CCKbka-0.js                                       0.30 kB │ gzip:   0.25 kB
../dist/public/assets/plus-CW7_4PCI.js                                                0.33 kB │ gzip:   0.25 kB
../dist/public/assets/clock-VGKU5hZd.js                                               0.34 kB │ gzip:   0.27 kB
../dist/public/assets/arrow-right-DXjz_WFQ.js                                         0.34 kB │ gzip:   0.27 kB
../dist/public/assets/arrow-left-CoWZpb6M.js                                          0.34 kB │ gzip:   0.27 kB
../dist/public/assets/search-hVYlxrMA.js                                              0.34 kB │ gzip:   0.27 kB
../dist/public/assets/trending-up-DDeRRy3M.js                                         0.35 kB │ gzip:   0.28 kB
../dist/public/assets/trending-down-BSajediy.js                                       0.35 kB │ gzip:   0.28 kB
../dist/public/assets/circle-check-big-QJMlNJ3i.js                                    0.36 kB │ gzip:   0.29 kB
../dist/public/assets/flame-DNNS1iwk.js                                               0.37 kB │ gzip:   0.29 kB
../dist/public/assets/info-BKDoKEUV.js                                                0.37 kB │ gzip:   0.28 kB
../dist/public/assets/rotate-ccw-D-a4IM6T.js                                          0.37 kB │ gzip:   0.29 kB
../dist/public/assets/lock-D9_n888K.js                                                0.37 kB │ gzip:   0.30 kB
../dist/public/assets/circle-x-CitVVXJ2.js                                            0.38 kB │ gzip:   0.28 kB
../dist/public/assets/credit-card-klq_vmGP.js                                         0.38 kB │ gzip:   0.30 kB
../dist/public/assets/moon-BH_cSgdJ.js                                                0.39 kB │ gzip:   0.31 kB
../dist/public/assets/target-BeqHboip.js                                              0.39 kB │ gzip:   0.27 kB
../dist/public/assets/activity-CXEoYomo.js                                            0.41 kB │ gzip:   0.31 kB
../dist/public/assets/percent-DRweypaf.js                                             0.41 kB │ gzip:   0.29 kB
../dist/public/assets/globe-DGeoEn6H.js                                               0.41 kB │ gzip:   0.30 kB
../dist/public/assets/timer-DJahvivh.js                                               0.41 kB │ gzip:   0.29 kB
../dist/public/assets/message-circle-BoKFWN6B.js                                      0.41 kB │ gzip:   0.32 kB
../dist/public/assets/circle-question-mark-dAt6NDl3.js                                0.42 kB │ gzip:   0.31 kB
../dist/public/assets/database-Zwe0G_vd.js                                            0.42 kB │ gzip:   0.31 kB
../dist/public/assets/circle-alert-t24BnyIx.js                                        0.42 kB │ gzip:   0.30 kB
../dist/public/assets/eye-CQqCeC8j.js                                                 0.42 kB │ gzip:   0.31 kB
../dist/public/assets/map-pin-DP8MMpwl.js                                             0.43 kB │ gzip:   0.33 kB
../dist/public/assets/calendar-D2Mh8x_Z.js                                            0.43 kB │ gzip:   0.31 kB
../dist/public/assets/heart-y9WNGigg.js                                               0.43 kB │ gzip:   0.32 kB
../dist/public/assets/utensils-BSzGnTnc.js                                            0.43 kB │ gzip:   0.31 kB
../dist/public/assets/zap-6hrgUF6p.js                                                 0.44 kB │ gzip:   0.32 kB
../dist/public/assets/shield-BxlSdm6Y.js                                              0.44 kB │ gzip:   0.33 kB
../dist/public/assets/book-open-D18S0-cR.js                                           0.45 kB │ gzip:   0.31 kB
../dist/public/assets/house-BwUcBN93.js                                               0.45 kB │ gzip:   0.32 kB
../dist/public/assets/shopping-cart-xrWSK1ra.js                                       0.46 kB │ gzip:   0.34 kB
../dist/public/assets/users-D0jfKjKy.js                                               0.48 kB │ gzip:   0.33 kB
../dist/public/assets/refresh-cw-jERRyR-F.js                                          0.49 kB │ gzip:   0.33 kB
../dist/public/assets/phone-B06J_-T7.js                                               0.50 kB │ gzip:   0.33 kB
../dist/public/assets/save-DZjA34Fw.js                                                0.50 kB │ gzip:   0.33 kB
../dist/public/assets/file-text-Dc3cHH9D.js                                           0.51 kB │ gzip:   0.32 kB
../dist/public/assets/scale-sLPM6sHw.js                                               0.54 kB │ gzip:   0.34 kB
../dist/public/assets/droplets-DWuYRh9F.js                                            0.54 kB │ gzip:   0.39 kB
../dist/public/assets/package-BRCT7K3t.js                                             0.55 kB │ gzip:   0.36 kB
../dist/public/assets/beef-pTyremRa.js                                                0.55 kB │ gzip:   0.40 kB
../dist/public/assets/input-D3BdP8uk.js                                               0.56 kB │ gzip:   0.36 kB
../dist/public/assets/trophy-BIuaUEpk.js                                              0.65 kB │ gzip:   0.38 kB
../dist/public/assets/sparkles-B8BzjpFK.js                                            0.67 kB │ gzip:   0.39 kB
../dist/public/assets/calculator-DD516oUV.js                                          0.70 kB │ gzip:   0.39 kB
../dist/public/assets/dumbbell-CGgO-tc4.js                                            0.73 kB │ gzip:   0.41 kB
../dist/public/assets/badge-DFGInd6A.js                                               0.74 kB │ gzip:   0.40 kB
../dist/public/assets/index-CexnaynZ.js                                               0.75 kB │ gzip:   0.44 kB
../dist/public/assets/label-C3WyoSGD.js                                               0.88 kB │ gzip:   0.55 kB
../dist/public/assets/SEO-DlkK4wDj.js                                                 1.16 kB │ gzip:   0.47 kB
../dist/public/assets/table-D39QCCXg.js                                               1.56 kB │ gzip:   0.54 kB
../dist/public/assets/dialog-Bpl8V5ZO.js                                              2.13 kB │ gzip:   0.83 kB
../dist/public/assets/index-D9AOFohx.js                                               2.63 kB │ gzip:   1.18 kB
../dist/public/assets/not-found-CzUcRuAU.js                                           2.67 kB │ gzip:   1.11 kB
../dist/public/assets/Maintenance-BzT8nkRO.js                                         2.69 kB │ gzip:   1.14 kB
../dist/public/assets/PaymentFailed-DbQln4ic.js                                       3.20 kB │ gzip:   1.22 kB
../dist/public/assets/index-3hasU848.js                                               3.51 kB │ gzip:   1.69 kB
../dist/public/assets/Login-Ddea2SQx.js                                               4.30 kB │ gzip:   1.75 kB
../dist/public/assets/PaymentSuccess-8P3T_SHF.js                                      4.94 kB │ gzip:   1.83 kB
../dist/public/assets/switch-FUF2RRKq.js                                              5.21 kB │ gzip:   2.24 kB
../dist/public/assets/Checkout-5LzpDTP7.js                                            5.91 kB │ gzip:   2.23 kB
../dist/public/assets/BMICalculator-Cx3WGUpf.js                                       6.88 kB │ gzip:   2.53 kB
../dist/public/assets/OneRepMaxCalculator-CvFZ1rDh.js                                 7.18 kB │ gzip:   2.59 kB
../dist/public/assets/HeartRateZonesCalculator-DM5OL50t.js                            7.37 kB │ gzip:   2.91 kB
../dist/public/assets/Onboarding-DnU0Afq4.js                                          7.56 kB │ gzip:   2.79 kB
../dist/public/assets/IdealWeightCalculator-Be99bJeC.js                               7.91 kB │ gzip:   2.70 kB
../dist/public/assets/Register-DC6J5Uow.js                                            8.13 kB │ gzip:   2.64 kB
../dist/public/assets/AdminLogin-D0a_qv18.js                                          8.43 kB │ gzip:   2.82 kB
../dist/public/assets/accordion-DpqlQE9b.js                                           8.66 kB │ gzip:   2.93 kB
../dist/public/assets/useQuery-CrfqjiS-.js                                            8.71 kB │ gzip:   3.14 kB
../dist/public/assets/AdminSystemLogs-CRxgXymH.js                                     8.84 kB │ gzip:   2.99 kB
../dist/public/assets/Packages-l6-A3UDz.js                                            8.85 kB │ gzip:   3.59 kB
../dist/public/assets/AdminBackup-_w_eaucl.js                                         9.13 kB │ gzip:   2.96 kB
../dist/public/assets/TDEECalculator-CLZaRpPw.js                                      9.14 kB │ gzip:   2.84 kB
../dist/public/assets/slider-CanybJ8p.js                                              9.21 kB │ gzip:   3.76 kB
../dist/public/assets/CalorieCalculator-D8FeHtkJ.js                                   9.21 kB │ gzip:   2.86 kB
../dist/public/assets/ProteinIntakeCalculator-Iaz4qkBU.js                             9.75 kB │ gzip:   3.23 kB
../dist/public/assets/Tools-BQIx7F6h.js                                               9.86 kB │ gzip:   3.25 kB
../dist/public/assets/WaterIntakeCalculator-By28b9LY.js                               9.96 kB │ gzip:   3.64 kB
../dist/public/assets/MacroCalculator-mpQBHRex.js                                    10.20 kB │ gzip:   2.94 kB
../dist/public/assets/BodyFatCalculator-CLhT_naJ.js                                  10.49 kB │ gzip:   3.41 kB
../dist/public/assets/About-AdnviMwl.js                                              10.75 kB │ gzip:   3.93 kB
../dist/public/assets/KVKK-BPnsWPx4.js                                               12.26 kB │ gzip:   3.40 kB
../dist/public/assets/PrivacyPolicy-D5okkBT_.js                                      12.32 kB │ gzip:   3.38 kB
../dist/public/assets/Articles-BL3s7hGl.js                                           12.34 kB │ gzip:   3.97 kB
../dist/public/assets/AdminCoupons-B8rNbDpG.js                                       12.46 kB │ gzip:   3.69 kB
../dist/public/assets/CancellationPolicy-DhMfkih6.js                                 12.83 kB │ gzip:   3.62 kB
../dist/public/assets/RestTimerCalculator-B-wKojAm.js                                13.21 kB │ gzip:   4.15 kB
../dist/public/assets/DistanceSalesContract-DmmbFQC9.js                              14.31 kB │ gzip:   4.04 kB
../dist/public/assets/Home-CBgMJaLY.js                                               22.01 kB │ gzip:   7.16 kB
../dist/public/assets/CalculatorFAQ-BwfLBR0k.js                                      43.58 kB │ gzip:  15.93 kB
../dist/public/assets/UserDashboard-Dgsf1GCK.js                                      50.16 kB │ gzip:  11.00 kB
../dist/public/assets/select-CaX9vOPm.js                                             50.49 kB │ gzip:  18.10 kB
../dist/public/assets/AdminDashboard-DSZAxOCA.js                                     82.44 kB │ gzip:  18.98 kB
../dist/public/assets/proxy-JdZ3ftO6.js                                             112.21 kB │ gzip:  36.91 kB
../dist/public/assets/ArticleDetail-DJPGaR8A.js                                     115.21 kB │ gzip:  50.11 kB
../dist/public/assets/index-CP5wU_Wy.js                                             342.79 kB │ gzip: 109.34 kB
../dist/public/assets/AreaChart-B3xV8tRH.js                                         394.14 kB │ gzip: 108.25 kB
✓ built in 7.83s
building server...

  dist/index.cjs  1.5mb ⚠️

⚡ Done in 147ms
root@162-55-4-35:/var/www/gokalaf# pm2 restart gokalaf
Use --update-env to update environment variables
[PM2] Applying action restartProcessId on app [gokalaf](ids: [ 10 ])
[PM2] [gokalaf](10) ✓
┌────┬──────────────────────────┬─────────────┬─────────┬─────────┬──────────┬────────┬──────┬───────────┬──────────┬──────────┬──────────┬──────────┐
│ id │ name                     │ namespace   │ version │ mode    │ pid      │ uptime │ ↺    │ status    │ cpu      │ mem      │ user     │ watching │
├────┼──────────────────────────┼─────────────┼─────────┼─────────┼──────────┼────────┼──────┼───────────┼──────────┼──────────┼──────────┼──────────┤
│ 15 │ adegloba                 │ default     │ 1.0.0   │ cluster │ 2889802  │ 6D     │ 0    │ online    │ 0%       │ 94.6mb   │ root     │ disabled │
│ 5  │ besindegerim             │ default     │ 1.0.0   │ cluster │ 1055     │ 8D     │ 0    │ online    │ 0%       │ 117.9mb  │ root     │ disabled │
│ 9  │ emerald                  │ default     │ N/A     │ fork    │ 1117     │ 8D     │ 0    │ online    │ 0%       │ 60.0mb   │ root     │ disabled │
│ 6  │ escapetable              │ default     │ 1.0.0   │ cluster │ 1061     │ 8D     │ 0    │ online    │ 0%       │ 100.6mb  │ root     │ disabled │
│ 10 │ gokalaf                  │ default     │ 1.0.0   │ fork    │ 3867909  │ 0s     │ 14   │ online    │ 0%       │ 24.2mb   │ root     │ disabled │
│ 2  │ maison-nomade-contact    │ default     │ N/A     │ fork    │ 3184334  │ 6D     │ 1    │ online    │ 0%       │ 60.7mb   │ root     │ disabled │
│ 4  │ nasiloldu                │ default     │ N/A     │ fork    │ 1052     │ 8D     │ 0    │ online    │ 0%       │ 131.9mb  │ root     │ disabled │
│ 3  │ postakod                 │ default     │ 1.0.0   │ fork    │ 1051     │ 8D     │ 0    │ online    │ 0%       │ 120.7mb  │ root     │ disabled │
│ 7  │ toov                     │ default     │ 1.0.0   │ cluster │ 1094     │ 8D     │ 0    │ online    │ 0%       │ 77.4mb   │ root     │ disabled │
│ 0  │ watermarktoo-backend     │ default     │ 1.0.0   │ cluster │ 1026     │ 8D     │ 0    │ online    │ 0%       │ 101.3mb  │ root     │ disabled │
│ 1  │ yosun-restaurant         │ default     │ 1.0.0   │ fork    │ 3867878  │ 0s     │ 698… │ online    │ 0%       │ 55.5mb   │ root     │ disabled │
└────┴──────────────────────────┴─────────────┴─────────┴─────────┴──────────┴────────┴──────┴───────────┴──────────┴──────────┴──────────┴──────────┘
root@162-55-4-35:/var/www/gokalaf# curl "http://localhost:5999/yazilar/bcaa-ne-ise-yarar" | grep "<table"
  % Total    % Received % Xferd  Average Speed   Time    Time     Time  Current
                                 Dload  Upload   Total   Spent    Left  Speed
100  8572  100  8572    0     0   328k      0 --:--:-- --:--:-- --:--:--  334k
root@162-55-4-35:/var/www/gokalaf# ls -la /var/www/gokalaf/dist/public/index.html
-rw-r--r-- 1 root root 8572 Dec 19 15:14 /var/www/gokalaf/dist/public/index.html
